// Vitest Snapshot v1

exports[`basic > add 1`] = `2`;
